I'm sorry, but errors were detected in your script. Please correct the
errors listed below, and try again.


File "game/script.rpy", line 17: Line is indented, but the preceding one-line python statement statement does not expect a block. Please check this line's indentation. You may have forgotten a colon (:).
    $ nome = renpy.input("QUAL O SEU NOME?:")
    ^

Ren'Py Version: Ren'Py 8.3.4.24120703
Tue Mar 11 14:28:17 2025
